/workspace/install/wbk_yolo/lib/python3.12/site-packages/wbk_yolo/yolo_node.py
/workspace/install/wbk_yolo/lib/python3.12/site-packages/wbk_yolo/distance_node.py
/workspace/install/wbk_yolo/lib/python3.12/site-packages/wbk_yolo/field_mask_node.py
/workspace/install/wbk_yolo/lib/python3.12/site-packages/wbk_yolo/__init__.py
/workspace/install/wbk_yolo/lib/python3.12/site-packages/wbk_yolo/distance_estimator.py
/workspace/install/wbk_yolo/lib/python3.12/site-packages/wbk_yolo/__pycache__/yolo_node.cpython-312.pyc
/workspace/install/wbk_yolo/lib/python3.12/site-packages/wbk_yolo/__pycache__/distance_node.cpython-312.pyc
/workspace/install/wbk_yolo/lib/python3.12/site-packages/wbk_yolo/__pycache__/field_mask_node.cpython-312.pyc
/workspace/install/wbk_yolo/lib/python3.12/site-packages/wbk_yolo/__pycache__/__init__.cpython-312.pyc
/workspace/install/wbk_yolo/lib/python3.12/site-packages/wbk_yolo/__pycache__/distance_estimator.cpython-312.pyc
/workspace/install/wbk_yolo/share/ament_index/resource_index/packages/wbk_yolo
/workspace/install/wbk_yolo/share/wbk_yolo/package.xml
/workspace/install/wbk_yolo/share/wbk_yolo/launch/vision.launch.py
/workspace/install/wbk_yolo/share/wbk_yolo/config/params.yaml
/workspace/install/wbk_yolo/share/wbk_yolo/config/camera_info.yaml
/workspace/install/wbk_yolo/share/wbk_yolo/msg/Detection2DArray.msg
/workspace/install/wbk_yolo/share/wbk_yolo/msg/Detection2D.msg
/workspace/install/wbk_yolo/lib/python3.12/site-packages/wbk_yolo-1.0.0-py3.12.egg-info/PKG-INFO
/workspace/install/wbk_yolo/lib/python3.12/site-packages/wbk_yolo-1.0.0-py3.12.egg-info/zip-safe
/workspace/install/wbk_yolo/lib/python3.12/site-packages/wbk_yolo-1.0.0-py3.12.egg-info/SOURCES.txt
/workspace/install/wbk_yolo/lib/python3.12/site-packages/wbk_yolo-1.0.0-py3.12.egg-info/entry_points.txt
/workspace/install/wbk_yolo/lib/python3.12/site-packages/wbk_yolo-1.0.0-py3.12.egg-info/requires.txt
/workspace/install/wbk_yolo/lib/python3.12/site-packages/wbk_yolo-1.0.0-py3.12.egg-info/top_level.txt
/workspace/install/wbk_yolo/lib/python3.12/site-packages/wbk_yolo-1.0.0-py3.12.egg-info/dependency_links.txt
/workspace/install/wbk_yolo/lib/wbk_yolo/distance_node
/workspace/install/wbk_yolo/lib/wbk_yolo/field_mask_node
/workspace/install/wbk_yolo/lib/wbk_yolo/yolo_node
