[0.669s] Invoking command in '/workspace/src/wbk_yolo': PYTHONPATH=/workspace/build/wbk_yolo/prefix_override:/usr/lib/python3/dist-packages/colcon_core/task/python/colcon_distutils_commands:/workspace/install/wbk_yolo/lib/python3.12/site-packages:${PYTHONPATH} /usr/bin/python3 -W ignore:setup.py install is deprecated -W ignore:easy_install command is deprecated setup.py egg_info --egg-base ../../build/wbk_yolo build --build-base /workspace/build/wbk_yolo/build install --record /workspace/build/wbk_yolo/install.log --single-version-externally-managed install_data
[0.897s] running egg_info
[0.908s] writing ../../build/wbk_yolo/wbk_yolo.egg-info/PKG-INFO
[0.909s] writing dependency_links to ../../build/wbk_yolo/wbk_yolo.egg-info/dependency_links.txt
[0.910s] writing entry points to ../../build/wbk_yolo/wbk_yolo.egg-info/entry_points.txt
[0.911s] writing requirements to ../../build/wbk_yolo/wbk_yolo.egg-info/requires.txt
[0.911s] writing top-level names to ../../build/wbk_yolo/wbk_yolo.egg-info/top_level.txt
[0.932s] reading manifest file '../../build/wbk_yolo/wbk_yolo.egg-info/SOURCES.txt'
[0.934s] writing manifest file '../../build/wbk_yolo/wbk_yolo.egg-info/SOURCES.txt'
[0.935s] running build
[0.937s] running build_py
[0.939s] running install
[0.941s] running install_lib
[0.953s] running install_data
[0.955s] running install_egg_info
[0.964s] removing '/workspace/install/wbk_yolo/lib/python3.12/site-packages/wbk_yolo-1.0.0-py3.12.egg-info' (and everything under it)
[0.966s] Copying ../../build/wbk_yolo/wbk_yolo.egg-info to /workspace/install/wbk_yolo/lib/python3.12/site-packages/wbk_yolo-1.0.0-py3.12.egg-info
[0.972s] running install_scripts
[1.044s] Installing distance_node script to /workspace/install/wbk_yolo/lib/wbk_yolo
[1.044s] Installing field_mask_node script to /workspace/install/wbk_yolo/lib/wbk_yolo
[1.045s] Installing yolo_node script to /workspace/install/wbk_yolo/lib/wbk_yolo
[1.046s] writing list of installed files to '/workspace/build/wbk_yolo/install.log'
[1.067s] Invoked command in '/workspace/src/wbk_yolo' returned '0': PYTHONPATH=/workspace/build/wbk_yolo/prefix_override:/usr/lib/python3/dist-packages/colcon_core/task/python/colcon_distutils_commands:/workspace/install/wbk_yolo/lib/python3.12/site-packages:${PYTHONPATH} /usr/bin/python3 -W ignore:setup.py install is deprecated -W ignore:easy_install command is deprecated setup.py egg_info --egg-base ../../build/wbk_yolo build --build-base /workspace/build/wbk_yolo/build install --record /workspace/build/wbk_yolo/install.log --single-version-externally-managed install_data
